// Jest Snapshot v1, https://goo.gl/fbAQLP

exports[`Organization has the same initial properties 1`] = `
Organization {
  "createdAt": 1970-01-01T00:00:12.345Z,
  "getMemberships": [Function],
  "getPendingInvitations": [Function],
  "id": "test_id",
  "inviteMember": [Function],
  "logoUrl": "https://url-for-logo.png",
  "name": "test_name",
  "pathRoot": "/organizations",
  "publicMetadata": Object {
    "public": "metadata",
  },
  "removeMember": [Function],
  "slug": "test_slug",
  "update": [Function],
  "updateMember": [Function],
  "updatedAt": 1970-01-01T00:00:05.678Z,
}
`;
